// Jest Snapshot v1, https://goo.gl/fbAQLP

exports[`CountdownButton matches snapshot 1`] = `
<div
  className="countdownButton"
  style={
    Object {
      "height": "34px",
      "width": "34px",
    }
  }
>
  <MuiButtonShim
    className="countdownButton-button color--secondary"
    isRound={true}
  >
    <DenyIcon
      color="rgba(64, 64, 64, 0.60)"
      size="xs"
    />
  </MuiButtonShim>
  <Transition
    appear={true}
    enter={true}
    exit={true}
    in={true}
    mountOnEnter={true}
    onEnter={[Function]}
    onEntered={[Function]}
    onEntering={[Function]}
    onExit={[Function]}
    onExited={[Function]}
    onExiting={[Function]}
    timeout={
      Object {
        "appear": 1,
        "enter": 666,
      }
    }
    unmountOnExit={false}
  >
    <Component />
  </Transition>
</div>
`;
