// Jest Snapshot v1, https://goo.gl/fbAQLP

exports[`IconInput component matches snapshot (set all props) 1`] = `
<div
  className="fdsIconInput fdsIconInput--hasStartIcon fdsIconInput--hasEndIcon"
>
  <span
    className="fdsIconInput-icon fdsIconInput-icon--start alignChild--center--center"
  >
    <StarFilledIcon
      color="rgba(64, 64, 64, 0.60)"
      size="xs"
    />
  </span>
  <input
    type="text"
  />
  <span
    className="fdsIconInput-icon fdsIconInput-icon--end alignChild--center--center"
  >
    <StarFilledIcon
      color="rgba(64, 64, 64, 0.60)"
      size="xs"
    />
  </span>
</div>
`;
