// Jest Snapshot v1, https://goo.gl/fbAQLP

exports[`AvatarRow component matches snapshot 1`] = `
<ul
  className="avatarRow avatarRow--m"
>
  <li
    className="avatarRow-item"
    key="MOCKNAME-0"
  >
    <MuiAvatarShim
      className="avatarRow-avatar"
      name="MOCK NAME"
      size="m"
      src="https://placeimg.com/40/41/animals"
      style={
        Object {
          "border": "2px solid #f1f5f7",
        }
      }
    />
  </li>
  <li
    className="avatarRow-item"
    key="MOCKNAME-1"
  >
    <MuiAvatarShim
      className="avatarRow-avatar"
      name="MOCK NAME"
      size="m"
      src="https://placeimg.com/40/41/animals"
      style={
        Object {
          "border": "2px solid #f1f5f7",
        }
      }
    />
  </li>
  <li
    className="avatarRow-item"
    key="MOCKNAME-2"
  >
    <MuiAvatarShim
      className="avatarRow-avatar"
      name="MOCK NAME"
      size="m"
      src="https://placeimg.com/40/41/animals"
      style={
        Object {
          "border": "2px solid #f1f5f7",
        }
      }
    />
  </li>
  <li
    className="avatarRow-item"
  >
    <div
      className="avatarRow-count alignChild--center--center media--m"
      style={
        Object {
          "border": "2px solid #f1f5f7",
        }
      }
    >
      <span
        className="fontWeight--bold"
      >
        +
        2
      </span>
    </div>
  </li>
</ul>
`;
