// Jest Snapshot v1, https://goo.gl/fbAQLP

exports[`Tooltip component matches snapshot (uses the right classes) 1`] = `
<Tooltip
  message="lol"
  trigger={<Trigger />}
>
  <ForwardRef(TippyWrapper)
    appendTo={<body />}
    arrow={false}
    content="lol"
    delay={
      Array [
        350,
        0,
      ]
    }
    maxWidth={240}
    moveTransition="transform 0.2s ease-out"
    placement="bottom"
    zIndex="20"
  >
    <Tippy
      appendTo={<body />}
      arrow={false}
      content="lol"
      delay={
        Array [
          350,
          0,
        ]
      }
      maxWidth={240}
      moveTransition="transform 0.2s ease-out"
      placement="bottom"
      zIndex="20"
    >
      <Trigger>
        <p>
          trigger
        </p>
      </Trigger>
      <Portal
        containerInfo={
          <div>
            lol
          </div>
        }
      >
        lol
      </Portal>
    </Tippy>
  </ForwardRef(TippyWrapper)>
</Tooltip>
`;
