// Jest Snapshot v1, https://goo.gl/fbAQLP

exports[`Avatar component matches snapshot (default props) 1`] = `
<div
  aria-title="Joey Tribbiani"
  className="fdsAvatar bgColor--gray fdsAvatar--m color--white"
>
  JT
</div>
`;

exports[`Avatar component matches snapshot (set all props) 1`] = `
<div
  aria-title="Ross Gellar"
  className="fdsAvatar bgColor--aqua fdsAvatar--s color--white"
>
  <span
    className="fdsAvatar-img"
    style={
      Object {
        "backgroundImage": "url(lol.png)",
      }
    }
  />
  RG
</div>
`;
