// Jest Snapshot v1, https://goo.gl/fbAQLP

exports[`ButtonGroup component matches snapshot (default props) 1`] = `
<div
  className="btngroup"
>
  <GroupButton
    icon={[Function]}
    isActive={true}
  />
  <GroupButton
    disabled={true}
    icon={[Function]}
    onClick={[Function]}
  />
</div>
`;

exports[`ButtonGroup component matches snapshot (set all props) 1`] = `
<div
  className="btngroup"
>
  <GroupButton
    icon={[Function]}
    isActive={true}
    onClick={[Function]}
  />
  <GroupButton
    disabled={true}
    icon={[Function]}
    onClick={[Function]}
  />
</div>
`;
