// Jest Snapshot v1, https://goo.gl/fbAQLP

exports[`Chip component matches snapshot (default props) 1`] = `
<button
  className="fdsChip"
>
  foo
</button>
`;

exports[`Chip component matches snapshot (set all props) 1`] = `
<button
  as={[Function]}
  className="fdsChip fdsChip--active fdsChip--large fdsChip--blue"
>
  foo
  <span
    className="fdsChip-subtitle"
  >
    bar
  </span>
  <button
    className="resetButton fdsChip-close"
    onClick={[Function]}
  >
    <DenyIcon
      size="xs"
    />
  </button>
</button>
`;
