// Jest Snapshot v1, https://goo.gl/fbAQLP

exports[`Toaster component matches snapshot 1`] = `
<Portal
  containerInfo={<body />}
>
  <div
    aria-live="assertive"
  >
    <TransitionGroup
      childFactory={[Function]}
      component="div"
    >
      <CSSTransition
        appear={true}
        classNames="rtgSlideIn"
        key="testid"
        timeout={380}
        unmountOnExit={true}
      >
        <div
          className="toaster"
        />
      </CSSTransition>
    </TransitionGroup>
  </div>
</Portal>
`;
